// Jest Snapshot v1, https://goo.gl/fbAQLP

exports[`<Searchbar /> renders correctly 1`] = `
<div
  className="search-bar"
>
  <div
    className="Toastify"
  />
  <div>
    <input
      className="form-control"
      onChange={[Function]}
      placeholder="Name"
      type="text"
      value=""
    />
    <input
      className="search"
      onClick={[Function]}
      type="button"
      value="Search"
    />
  </div>
</div>
`;
